Microchip MPLAB XC8 Compiler V3.10

Linker command line:

-W-3 \
  --edf=C:\Program Files\Microchip\xc8\v3.10\pic\dat\20250813170317_en.msgs \
  -cn -h+dist/default/production\Blackjack.X.production.sym \
  --cmf=dist/default/production\Blackjack.X.production.cmf -z -Q18F4550 \
  -oC:\Users\ozan0\AppData\Local\Temp\xcBssg4.1\driver_tmp_3.o \
  --defsym=__MPLAB_BUILD=1 --fixupoverflow=error \
  -Mdist/default/production/Blackjack.X.production.map \
  --md=C:\Users\ozan0\AppData\Local\Temp\xcBssg4.1\driver_tmp_0.dat -E1 \
  -ver=XC8 Compiler -ACODE=00h-07FFFh -ACONST=00h-07FFFh \
  -ASMALLCONST=0800h-08FFhx120 -AMEDIUMCONST=0800h-07FFFh -ACOMRAM=01h-05Fh \
  -AABS1=00h-07FFh -ABIGRAM=01h-07FFh -ARAM=060h-0FFh,0100h-01FFhx7 \
  -ABANK0=060h-0FFh -ABANK1=0100h-01FFh -ABANK2=0200h-02FFh \
  -ABANK3=0300h-03FFh -ABANK4=0400h-04FFh -ABANK5=0500h-05FFh \
  -ABANK6=0600h-06FFh -ABANK7=0700h-07FFh -ASFR=0F60h-0FFFh \
  -ABIGSFR=0F60h-0FFFh -ACONFIG=0300000h-030000Dh -AIDLOC=0200000h-0200007h \
  -AEEDATA=0F00000h-0F000FFh -peeprom_data=EEDATA \
  -preset_vec=00h,intcode=8h,intcodelo=18h,sivt_lo,sivt_hi=CODE \
  -ppowerup=CODE,init -pramtop=0800h -psmallconst=SMALLCONST \
  -pmediumconst=MEDIUMCONST -pconst=CONST -AFARRAM=00h-00h \
  -prdata=COMRAM,nvrram=COMRAM,nvbit=COMRAM,rbss=COMRAM,rbit=COMRAM \
  -pfarbss=FARRAM,fardata=FARRAM,nvFARRAM=FARRAM \
  -pintsave_regs=BIGRAM,bigbss=BIGRAM,bigdata=BIGRAM -pbss=RAM \
  -pidata=CODE,irdata=CODE,ibigdata=CODE,ifardata=CODE -prparam=COMRAM \
  C:\Users\ozan0\AppData\Local\Temp\xcBssg4.1\driver_tmp_14.o \
  dist/default/production\Blackjack.X.production.o 

Object code version is 3.11

Machine type is 18F4550



                Name                               Link     Load   Length Selector   Space Scale
C:\Users\ozan0\AppData\Local\Temp\xcBssg4.1\driver_tmp_14.o
                config                           300000   300000        8        0       4
                init                                  E        E        4        4       0
                reset_vec                             0        0        4        0       0
dist/default/production\Blackjack.X.production.o
                intcode                               8        8        6        4       0
                config                           300000   300000        8        0       4
                smallconst                          800      800       DE      400       0
                intcode_body                       11A6     11A6       6C      46F       0
                text16                              CE6      CE6      102      46F       0
                text15                             1000     1000       A0      46F       0
                text14                             1212     1212       6A      46F       0
                text13                             1138     1138       6E      46F       0
                text12                              DE8      DE8       C0      46F       0
                text11                              EA8      EA8       AE      46F       0
                text10                             1348     1348       34      46F       0
                text9                              13EC     13EC        2      9F6       0
                text8                               F56      F56       AA      46F       0
                text7                               B34      B34      1B2      46F       0
                text6                              12D4     12D4       3C      46F       0
                text5                              137C     137C       30      46F       0
                text4                              10A0     10A0       98      46F       0
                text3                              1310     1310       38      46F       0
                text2                              13C8     13C8       12      46F       0
                text1                              13AC     13AC       1C      46F       0
                text0                               8DE      8DE      256      46F       0
                cstackCOMRAM                          2        2       53        2       1
                cstackBANK0                          60       60       4A       60       1
                dataBANK0                            CC       CC       11       60       1
                bssBANK0                             AA       AA       22       60       1
                dataCOMRAM                           5C       5C        1        2       1
                bssCOMRAM                            55       55        7        2       1
                cinit                              127C     127C       58      46F       0
                nvBANK0                              DD       DD        4       60       1
                idataBANK0                         13DA     13DA       11      46F       0
                idataCOMRAM                        13EE     13EE        1      9F6       0

TOTAL           Name                               Link     Load   Length     Space
        CLASS   CODE           
                intcode                               8        8        6         0
                init                                  E        E        4         0
                reset_vec                             0        0        4         0
                intcode_body                       11A6     11A6       6C         0
                text16                              CE6      CE6      102         0
                text15                             1000     1000       A0         0
                text14                             1212     1212       6A         0
                text13                             1138     1138       6E         0
                text12                              DE8      DE8       C0         0
                text11                              EA8      EA8       AE         0
                text10                             1348     1348       34         0
                text9                              13EC     13EC        2         0
                text8                               F56      F56       AA         0
                text7                               B34      B34      1B2         0
                text6                              12D4     12D4       3C         0
                text5                              137C     137C       30         0
                text4                              10A0     10A0       98         0
                text3                              1310     1310       38         0
                text2                              13C8     13C8       12         0
                text1                              13AC     13AC       1C         0
                text0                               8DE      8DE      256         0
                cinit                              127C     127C       58         0
                idataBANK0                         13DA     13DA       11         0
                idataCOMRAM                        13EE     13EE        1         0

        CLASS   CONST          

        CLASS   SMALLCONST     
                smallconst                          800      800       DE         0

        CLASS   MEDIUMCONST    

        CLASS   COMRAM         
                cstackCOMRAM                          2        2       53         1
                dataCOMRAM                           5C       5C        1         1
                bssCOMRAM                            55       55        7         1

        CLASS   ABS1           
                abs_s1                                1        1        1         1

        CLASS   BIGRAM         

        CLASS   RAM            

        CLASS   BANK0          
                cstackBANK0                          60       60       4A         1
                dataBANK0                            CC       CC       11         1
                bssBANK0                             AA       AA       22         1
                nvBANK0                              DD       DD        4         1

        CLASS   BANK1          

        CLASS   BANK2          

        CLASS   BANK3          

        CLASS   BANK4          

        CLASS   BANK5          

        CLASS   BANK6          

        CLASS   BANK7          

        CLASS   SFR            

        CLASS   BIGSFR         

        CLASS   CONFIG         
                config                           300000   300000        8         4

        CLASS   IDLOC          

        CLASS   EEDATA         

        CLASS   FARRAM         

        CLASS   HEAP           

        CLASS   STACK          



SEGMENTS        Name                           Load    Length   Top    Selector   Space  Class

                reset_vec                      000000  000004  000004         0       0  CODE    
                cstackCOMRAM                   000002  00005B  00005D         2       1  COMRAM  
                intcode                        000008  00000A  000012         4       0  CODE    
                cstackBANK0                    000060  000081  0000E1        60       1  BANK0   
                smallconst                     000800  0000DE  0008DE       400       0  SMALLCON
                text0                          0008DE  000B0D  0013EB       46F       0  CODE    
                text9                          0013EC  000003  0013EF       9F6       0  CODE    


UNUSED ADDRESS RANGES

        Name                Unused          Largest block    Delta
        BANK0            0000E1-0000FF               1F
        BANK1            000100-0001FF              100
        BANK2            000200-0002FF              100
        BANK3            000300-0003FF              100
        BANK4            000400-0004FF              100
        BANK5            000500-0005FF              100
        BANK6            000600-0006FF              100
        BANK7            000700-0007FF              100
        BIGRAM           00005D-00005F                3
                         0000E1-0007FF              71F
        BIGSFR           000F60-000FFF               A0
        CODE             000004-000007                4
                         000012-0007FF              7EE
                         0013EB-0013EB                1
                         0013EF-007FFF             6C11
        COMRAM           00005D-00005F                3
        CONFIG           300008-30000D                6
        CONST            000004-000007                4
                         000012-0007FF              7EE
                         0013EB-0013EB                1
                         0013EF-007FFF             6C11
        EEDATA           F00000-F000FF              100
        IDLOC            200000-200007                8
        MEDIUMCONST      0013EB-0013EB                1
                         0013EF-007FFF             6C11
        RAM              0000E1-0007FF              100
        SFR              000F60-000FFF               A0
        SMALLCONST       0013EB-0013EB                1
                         0013EF-007FFF              100

                                  Symbol Table

?___awdiv                cstackCOMRAM 000005
?___awmod                cstackCOMRAM 000017
?___lmul                 cstackCOMRAM 000005
?_abs                    cstackCOMRAM 00001D
?_rand                   cstackCOMRAM 000011
?_sprintf                cstackCOMRAM 000030
?_vfprintf               cstackCOMRAM 00002C
Get_Key@F3669            dataBANK0    0000CC
Get_Key@keys             cstackCOMRAM 000007
Get_Key@r                cstackCOMRAM 000017
ISR@c                    bssCOMRAM    000059
Next_Send@cmd            cstackCOMRAM 000005
Next_Send@i              cstackCOMRAM 000007
Penalty@l_cmd            cstackCOMRAM 000045
_Get_Key                 text16       000CE6
_INTCON2bits             (abs)        000FF1
_INTCONbits              (abs)        000FF2
_ISR                     intcode      000008
_LATB                    (abs)        000F8A
_LATCbits                (abs)        000F8B
_LATD                    (abs)        000F8C
_Next_Send               text15       001000
_PIE1bits                (abs)        000F9D
_PIR1bits                (abs)        000F9E
_PORTBbits               (abs)        000F81
_Penalty                 text4        0010A0
_RCSTA                   (abs)        000FAB
_Reset_Round             text3        001310
_SPBRG                   (abs)        000FAF
_T1CON                   (abs)        000FCD
_TMR1H                   (abs)        000FCF
_TMR1L                   (abs)        000FCE
_TRISB                   (abs)        000F93
_TRISCbits               (abs)        000F94
_TRISD                   (abs)        000F95
_TXREG                   (abs)        000FAD
_TXSTA                   (abs)        000FAC
_UART_Init               text2        0013C8
__HRAM                   (abs)        000000
__H__absolute__          __absolute__ 000000
__Habs1                  abs1         000000
__Hbank0                 bank0        000000
__Hbank1                 bank1        000000
__Hbank2                 bank2        000000
__Hbank3                 bank3        000000
__Hbank4                 bank4        000000
__Hbank5                 bank5        000000
__Hbank6                 bank6        000000
__Hbank7                 bank7        000000
__Hbigbss                bigbss       000000
__Hbigdata               bigdata      000000
__Hbigram                bigram       000000
__Hbigsfr                bigsfr       000000
__Hbss                   bss          000000
__HbssBANK0              bssBANK0     000000
__HbssCOMRAM             bssCOMRAM    000000
__Hcinit                 cinit        000000
__Hclrtext               clrtext      000000
__Hcomram                comram       000000
__Hconfig                config       300008
__Hconst                 const        000000
__HcstackBANK0           cstackBANK0  000000
__HcstackCOMRAM          cstackCOMRAM 000000
__Hdata                  data         000000
__HdataBANK0             dataBANK0    000000
__HdataCOMRAM            dataCOMRAM   000000
__Heeprom_data           eeprom_data  000000
__Hfarbss                farbss       000000
__Hfardata               fardata      000000
__Hheap                  heap         000000
__Hibigdata              ibigdata     000000
__Hidata                 idata        000000
__HidataBANK0            idataBANK0   000000
__HidataCOMRAM           idataCOMRAM  000000
__Hidloc                 idloc        000000
__Hifardata              ifardata     000000
__Hinit                  init         000012
__Hintcode               intcode      00000E
__Hintcode_body          intcode_body 000000
__Hintcodelo             intcodelo    000018
__Hintentry              intentry     000000
__Hintret                intret       000000
__Hintsave_regs          intsave_regs 000000
__Hirdata                irdata       000000
__Hmediumconst           mediumconst  000000
__HnvBANK0               nvBANK0      000000
__HnvFARRAM              nvFARRAM     000000
__Hnvbit                 nvbit        000000
__Hnvrram                nvrram       000000
__Hparam                 rparam       000000
__Hpowerup               powerup      000000
__Hram                   ram          000000
__Hramtop                ramtop       000800
__Hrbit                  rbit         000000
__Hrbss                  rbss         000000
__Hrdata                 rdata        000000
__Hreset_vec             reset_vec    000004
__Hrparam                rparam       000000
__Hsfr                   sfr          000000
__Hsivt_hi               sivt_hi      000000
__Hsivt_lo               sivt_lo      000018
__Hsmallconst            smallconst   0008DE
__Hspace_0               (abs)        0013EF
__Hspace_1               (abs)        0000E1
__Hspace_2               (abs)        000000
__Hspace_4               (abs)        600008
__Hstack                 stack        000000
__Hstruct                struct       000000
__Htemp                  temp         000000
__Htext                  text         000000
__Htext0                 text0        000000
__Htext1                 text1        000000
__Htext10                text10       000000
__Htext11                text11       000000
__Htext12                text12       000000
__Htext13                text13       000000
__Htext14                text14       000000
__Htext15                text15       000000
__Htext16                text16       000000
__Htext2                 text2        000000
__Htext3                 text3        000000
__Htext4                 text4        000000
__Htext5                 text5        000000
__Htext6                 text6        000000
__Htext7                 text7        000000
__Htext8                 text8        000000
__Htext9                 text9        000000
__LRAM                   (abs)        000001
__L__absolute__          __absolute__ 000000
__Labs1                  abs1         000000
__Lbank0                 bank0        000000
__Lbank1                 bank1        000000
__Lbank2                 bank2        000000
__Lbank3                 bank3        000000
__Lbank4                 bank4        000000
__Lbank5                 bank5        000000
__Lbank6                 bank6        000000
__Lbank7                 bank7        000000
__Lbigbss                bigbss       000000
__Lbigdata               bigdata      000000
__Lbigram                bigram       000000
__Lbigsfr                bigsfr       000000
__Lbss                   bss          000000
__LbssBANK0              bssBANK0     000000
__LbssCOMRAM             bssCOMRAM    000000
__Lcinit                 cinit        000000
__Lclrtext               clrtext      000000
__Lcomram                comram       000000
__Lconfig                config       000000
__Lconst                 const        000000
__LcstackBANK0           cstackBANK0  000000
__LcstackCOMRAM          cstackCOMRAM 000000
__Ldata                  data         000000
__LdataBANK0             dataBANK0    000000
__LdataCOMRAM            dataCOMRAM   000000
__Leeprom_data           eeprom_data  000000
__Lfarbss                farbss       000000
__Lfardata               fardata      000000
__Lheap                  heap         000000
__Libigdata              ibigdata     000000
__Lidata                 idata        000000
__LidataBANK0            idataBANK0   000000
__LidataCOMRAM           idataCOMRAM  000000
__Lidloc                 idloc        000000
__Lifardata              ifardata     000000
__Linit                  init         00000E
__Lintcode               intcode      000008
__Lintcode_body          intcode_body 000000
__Lintcodelo             intcodelo    000018
__Lintentry              intentry     000000
__Lintret                intret       000000
__Lintsave_regs          intsave_regs 000000
__Lirdata                irdata       000000
__Lmediumconst           mediumconst  000000
__LnvBANK0               nvBANK0      000000
__LnvFARRAM              nvFARRAM     000000
__Lnvbit                 nvbit        000000
__Lnvrram                nvrram       000000
__Lparam                 rparam       000000
__Lpowerup               powerup      000000
__Lram                   ram          000000
__Lramtop                ramtop       000800
__Lrbit                  rbit         000000
__Lrbss                  rbss         000000
__Lrdata                 rdata        000000
__Lreset_vec             reset_vec    000000
__Lrparam                rparam       000000
__Lsfr                   sfr          000000
__Lsivt_hi               sivt_hi      000000
__Lsivt_lo               sivt_lo      000018
__Lsmallconst            smallconst   000800
__Lspace_0               (abs)        000000
__Lspace_1               (abs)        000000
__Lspace_2               (abs)        000000
__Lspace_4               (abs)        000000
__Lstack                 stack        000000
__Lstruct                struct       000000
__Ltemp                  temp         000000
__Ltext                  text         000000
__Ltext0                 text0        000000
__Ltext1                 text1        000000
__Ltext10                text10       000000
__Ltext11                text11       000000
__Ltext12                text12       000000
__Ltext13                text13       000000
__Ltext14                text14       000000
__Ltext15                text15       000000
__Ltext16                text16       000000
__Ltext2                 text2        000000
__Ltext3                 text3        000000
__Ltext4                 text4        000000
__Ltext5                 text5        000000
__Ltext6                 text6        000000
__Ltext7                 text7        000000
__Ltext8                 text8        000000
__Ltext9                 text9        000000
__S0                     (abs)        0013EF
__S1                     (abs)        0000E1
__S4                     (abs)        000000
__S5                     (abs)        000000
___awdiv                 text12       000DE8
___awdiv@counter         cstackCOMRAM 000009
___awdiv@dividend        cstackCOMRAM 000005
___awdiv@divisor         cstackCOMRAM 000007
___awdiv@quotient        cstackCOMRAM 00000B
___awdiv@sign            cstackCOMRAM 00000A
___awmod                 text11       000EA8
___awmod@counter         cstackCOMRAM 00001B
___awmod@dividend        cstackCOMRAM 000017
___awmod@divisor         cstackCOMRAM 000019
___awmod@sign            cstackCOMRAM 00001C
___heap_hi               (abs)        000000
___heap_lo               (abs)        000000
___inthi_sp              stack        000000
___inthi_stack_hi        stack        000000
___inthi_stack_lo        stack        000000
___intlo_sp              stack        000000
___intlo_stack_hi        stack        000000
___intlo_stack_lo        stack        000000
___lmul                  text14       001212
___lmul@multiplicand     cstackCOMRAM 000009
___lmul@multiplier       cstackCOMRAM 000005
___lmul@product          cstackCOMRAM 00000D
___param_bank            (abs)        000000
___rparam_used           (abs)        000001
___sp                    stack        000000
___stack_hi              stack        000000
___stack_lo              stack        000000
__accesstop              (abs)        000060
__activetblptr           (abs)        000002
__end_of_Get_Key         text16       000DE8
__end_of_ISR             intcode_body 001212
__end_of_Next_Send       text15       0010A0
__end_of_Penalty         text4        001138
__end_of_Reset_Round     text3        001348
__end_of_UART_Init       text2        0013DA
__end_of___awdiv         text12       000EA8
__end_of___awmod         text11       000F56
__end_of___lmul          text14       00127C
__end_of__initialization cinit        0012C6
__end_of_abs             text10       00137C
__end_of_fputc           text8        001000
__end_of_main            text0        000B34
__end_of_putch           text9        0013EE
__end_of_rand            text13       0011A6
__end_of_sprintf         text5        0013AC
__end_of_srand           text1        0013C8
__end_of_vfpfcnvrt       text7        000CE6
__end_of_vfprintf        text6        001310
__initialization         cinit        00127C
__mediumconst            smallconst   000800
__pbssBANK0              bssBANK0     0000AA
__pbssCOMRAM             bssCOMRAM    000055
__pcinit                 cinit        00127C
__pcstackBANK0           cstackBANK0  000060
__pcstackCOMRAM          cstackCOMRAM 000002
__pdataBANK0             dataBANK0    0000CC
__pdataCOMRAM            dataCOMRAM   00005C
__pidataBANK0            idataBANK0   0013DA
__pidataCOMRAM           idataCOMRAM  0013EE
__pintcode               intcode      000008
__pintcode_body          intcode_body 0011A6
__pnvBANK0               nvBANK0      0000DD
__psmallconst            smallconst   000800
__ptext0                 text0        0008DE
__ptext1                 text1        0013AC
__ptext10                text10       001348
__ptext11                text11       000EA8
__ptext12                text12       000DE8
__ptext13                text13       001138
__ptext14                text14       001212
__ptext15                text15       001000
__ptext16                text16       000CE6
__ptext2                 text2        0013C8
__ptext3                 text3        001310
__ptext4                 text4        0010A0
__ptext5                 text5        00137C
__ptext6                 text6        0012D4
__ptext7                 text7        000B34
__ptext8                 text8        000F56
__ptext9                 text9        0013EC
__ramtop                 ramtop       000800
__smallconst             smallconst   000800
_abs                     text10       001348
_d_score                 bssBANK0     0000CA
_dbuf                    bssBANK0     0000AA
_flags                   bssCOMRAM    00005B
_fputc                   text8        000F56
_lives                   dataBANK0    0000DC
_main                    text0        0008DE
_main$415                cstackBANK0  0000A3
_main$421                cstackBANK0  0000A5
_p_score                 bssBANK0     0000CB
_prec                    bssCOMRAM    000057
_putch                   text9        0013EC
_rand                    text13       001138
_seed                    nvBANK0      0000DD
_servo_pos               dataCOMRAM   00005C
_sprintf                 text5        00137C
_srand                   text1        0013AC
_vfpfcnvrt               text7        000B34
_vfprintf                text6        0012D4
_width                   bssCOMRAM    000055
abs@a                    cstackCOMRAM 00001D
btemp                    (abs)        000001
btemp0                   (abs)        000001
btemp1                   (abs)        000002
end_of_initialization    cinit        0012C6
fputc@c                  cstackCOMRAM 000005
fputc@fp                 cstackCOMRAM 000007
int$flags                (abs)        000001
int_func                 intcode_body 0011A6
intlevel0                text         000000
intlevel1                text         000000
intlevel2                text         000000
intlevel3                text         000000
isa$std                  (abs)        000001
isa$xinst                (abs)        000000
main@cmd                 cstackBANK0  000062
main@cmd_422             cstackBANK0  000082
main@d_raw               cstackBANK0  0000A9
main@k                   cstackBANK0  0000A7
main@points              cstackBANK0  0000A2
main@raw_card            cstackBANK0  0000A8
sprintf@ap               cstackCOMRAM 000036
sprintf@f                cstackCOMRAM 000037
sprintf@fmt              cstackCOMRAM 000031
sprintf@s                cstackCOMRAM 000030
srand@s                  cstackCOMRAM 000005
stackhi                  (abs)        000000
stacklo                  (abs)        000000
start                    init         00000E
start_initialization     cinit        00127C
vfpfcnvrt@ap             cstackCOMRAM 000023
vfpfcnvrt@c              cstackCOMRAM 00002B
vfpfcnvrt@convarg        cstackCOMRAM 000027
vfpfcnvrt@cp             cstackCOMRAM 000026
vfpfcnvrt@done           cstackCOMRAM 000025
vfpfcnvrt@fmt            cstackCOMRAM 000022
vfpfcnvrt@fp             cstackCOMRAM 000021
vfprintf@ap              cstackCOMRAM 00002E
vfprintf@cfmt            cstackCOMRAM 00002F
vfprintf@fmt             cstackCOMRAM 00002D
vfprintf@fp              cstackCOMRAM 00002C


MODULE INFORMATION

Module		Function		Class		Link	Load	Size
blackjack.c
		_Get_Key       		CODE           	0CE6	0000	258
		_ISR           		CODE           	0008	0000	114
		_UART_Init     		CODE           	13C8	0000	18
		_main          		CODE           	08DE	0000	598
		_Next_Send     		CODE           	1000	0000	160
		_Reset_Round   		CODE           	1310	0000	56
		_Penalty       		CODE           	10A0	0000	152

blackjack.c estimated size: 1356

C:\Program Files\Microchip\xc8\v3.10\pic\sources\c99\common\awmod.c
		___awmod       		CODE           	0EA8	0000	174

C:\Program Files\Microchip\xc8\v3.10\pic\sources\c99\common\awmod.c estimated size: 174

C:\Program Files\Microchip\xc8\v3.10\pic\sources\c99\common\putch.c
		_putch         		CODE           	13EC	0000	2

C:\Program Files\Microchip\xc8\v3.10\pic\sources\c99\common\putch.c estimated size: 2

C:\Program Files\Microchip\xc8\v3.10\pic\sources\c99\common\abs.c
		_abs           		CODE           	1348	0000	52

C:\Program Files\Microchip\xc8\v3.10\pic\sources\c99\common\abs.c estimated size: 52

C:\Program Files\Microchip\xc8\v3.10\pic\sources\c99\common\Umul32.c
		___lmul        		CODE           	1212	0000	106

C:\Program Files\Microchip\xc8\v3.10\pic\sources\c99\common\Umul32.c estimated size: 106

C:\Program Files\Microchip\xc8\v3.10\pic\sources\c99\common\awdiv.c
		___awdiv       		CODE           	0DE8	0000	192

C:\Program Files\Microchip\xc8\v3.10\pic\sources\c99\common\awdiv.c estimated size: 192

C:\Program Files\Microchip\xc8\v3.10\pic\sources\c99\common\rand.c
		_srand         		CODE           	13AC	0000	28
		_rand          		CODE           	1138	0000	110

C:\Program Files\Microchip\xc8\v3.10\pic\sources\c99\common\rand.c estimated size: 138

C:\Program Files\Microchip\xc8\v3.10\pic\sources\c99\common\nf_sprintf.c
		_sprintf       		CODE           	137C	0000	48

C:\Program Files\Microchip\xc8\v3.10\pic\sources\c99\common\nf_sprintf.c estimated size: 48

shared
		__initialization		CODE           	127C	0000	74

shared estimated size: 74

C:\Program Files\Microchip\xc8\v3.10\pic\sources\c99\common\nf_fputc.c
		_fputc         		CODE           	0F56	0000	170

C:\Program Files\Microchip\xc8\v3.10\pic\sources\c99\common\nf_fputc.c estimated size: 170

C:\Program Files\Microchip\xc8\v3.10\pic\sources\c99\common\doprnt.c
		_vfpfcnvrt     		CODE           	0B34	0000	434
		_vfprintf      		CODE           	12D4	0000	60

C:\Program Files\Microchip\xc8\v3.10\pic\sources\c99\common\doprnt.c estimated size: 494

